{
    
  "data":  [
        
    {
            
      "casualties":  [
                
        {
                    
          "casualtyId":  59792,
                    
          "age":  78,
                    
          "class":  "Driver",
                    
          "severity":  2,
                    
          "mode":  "PedalCycle",
                    
          "ageBand":  "Adult"
        
                }
      
            ],
            
      "vehicles":  [
                
        {
                    
          "vehicleId":  87193,
                    
          "vehicleType":  "HeavyGoodsVehicle"
        
                },
                
        {
                    
          "vehicleId":  87194,
                    
          "vehicleType":  "PedalCycle"
        
                }
      
            ],
            
      "accidentStatisticId":  49660,
            
      "id":  635808,
            
      "lat":  "51.509402",
            
      "lon":  "-0.376845",
            
      "location":  "South Road junction with St Josephs Drive",
            
      "date":  "2017-11-09T08:56:00",
            
      "severity":  2,
            
      "borough":  "Ealing"
    
        }
  
    ],
    
  "page":  2,
    
  "nextPage":  3,
    
  "previousPage":  1,
    
  "lastPage":  20,
    
  "pageSize":  1,
    
  "total":  20

}