{
    
  "data":  [
        
    {
            
      "casualties":  [
                
        {
                    
          "casualtyId":  800,
                    
          "age":  32,
                    
          "class":  "Driver",
                    
          "severity":  2,
                    
          "mode":  "PedalCycle",
                    
          "ageBand":  "Adult"
        
                }
      
            ],
            
      "vehicles":  [
                
        {
                    
          "vehicleId":  1213,
                    
          "vehicleType":  "BusOrCoach"
        
                },
                
        {
                    
          "vehicleId":  1214,
                    
          "vehicleType":  "PedalCycle"
        
                }
      
            ],
            
      "accidentStatisticId":  714,
            
      "id":  297972,
            
      "lat":  "51.516166",
            
      "lon":  "-0.069496",
            
      "location":  "White Church Lane junction with Whitechapel Road",
            
      "date":  "2017-02-06T08:55:00",
            
      "severity":  2,
            
      "borough":  "Tower Hamlets"
    
        }
  
    ],
    
  "page":  20,
    
  "previousPage":  19,
    
  "lastPage":  20,
    
  "pageSize":  1,
    
  "total":  20

}